/listinfo/arch-announce /mailman3/lists/arch-announce@lists.archlinux.org/;
/listinfo/arch-commits /mailman3/lists/arch-commits@lists.archlinux.org/;
/listinfo/arch-dev /mailman3/lists/arch-dev@lists.archlinux.org/;
/listinfo/arch-dev-public /mailman3/lists/arch-dev-public@lists.archlinux.org/;
/listinfo/arch-devops /mailman3/lists/arch-devops@lists.archlinux.org/;
/listinfo/arch-devops-private /mailman3/lists/arch-devops-private@lists.archlinux.org/;
/listinfo/arch-events /mailman3/lists/arch-events@lists.archlinux.org/;
/listinfo/arch-general /mailman3/lists/arch-general@lists.archlinux.org/;
/listinfo/arch-mirrors /mailman3/lists/arch-mirrors@lists.archlinux.org/;
/listinfo/arch-mirrors-announce /mailman3/lists/arch-mirrors-announce@lists.archlinux.org/;
/listinfo/arch-multilib /mailman3/lists/arch-multilib@lists.archlinux.org/;
/listinfo/arch-ports /mailman3/lists/arch-ports@lists.archlinux.org/;
/listinfo/arch-proaudio /mailman3/lists/arch-proaudio@lists.archlinux.org/;
/listinfo/arch-projects /mailman3/lists/arch-projects@lists.archlinux.org/;
/listinfo/arch-releng /mailman3/lists/arch-releng@lists.archlinux.org/;
/listinfo/arch-security /mailman3/lists/arch-security@lists.archlinux.org/;
/listinfo/arch-tu /mailman3/lists/arch-tu@lists.archlinux.org/;
/listinfo/arch-wiki-admins /mailman3/lists/arch-wiki-admins@lists.archlinux.org/;
/listinfo/arch-women /mailman3/lists/arch-women@lists.archlinux.org/;
/listinfo/aur-dev /mailman3/lists/aur-dev@lists.archlinux.org/;
/listinfo/aur-general /mailman3/lists/aur-general@lists.archlinux.org/;
/listinfo/aur-requests /mailman3/lists/aur-requests@lists.archlinux.org/;
/listinfo/pacman-contrib /mailman3/lists/pacman-contrib@lists.archlinux.org/;
/listinfo/pacman-dev /mailman3/lists/pacman-dev@lists.archlinux.org/;
/listinfo/staff /mailman3/lists/staff@lists.archlinux.org/;
